{"error":"TypeError: fetch failed","level":"error","message":"Failed to fetch languages","service":"voice-data-platform","timestamp":"2026-02-14T09:09:10.717Z"}
{"error":"TypeError: fetch failed","level":"error","message":"Failed to fetch languages","service":"voice-data-platform","timestamp":"2026-02-14T09:09:10.770Z"}
{"error":"TypeError: fetch failed","level":"error","message":"Failed to fetch languages","service":"voice-data-platform","timestamp":"2026-02-19T19:59:57.627Z"}
{"error":"TypeError: fetch failed","level":"error","message":"Failed to fetch languages","service":"voice-data-platform","timestamp":"2026-02-19T19:59:57.639Z"}
{"error":"jwt expired","level":"error","message":"Token verification failed","service":"voice-data-platform","timestamp":"2026-02-22T18:37:42.842Z"}
{"error":"relation \"public.languages\" does not exist","level":"error","message":"Failed to fetch languages","service":"voice-data-platform","timestamp":"2026-03-13T07:39:40.665Z"}
{"error":"Could not query the database for the schema cache. Retrying.","level":"error","message":"Failed to fetch languages","service":"voice-data-platform","timestamp":"2026-03-13T07:39:42.705Z"}
{"error":"TypeError: fetch failed","level":"error","message":"Failed to fetch languages","service":"voice-data-platform","timestamp":"2026-04-26T14:01:01.096Z"}
{"error":"TypeError: fetch failed","level":"error","message":"Failed to fetch languages","service":"voice-data-platform","timestamp":"2026-04-26T14:01:01.123Z"}
{"error":"TypeError: fetch failed","level":"error","message":"Failed to fetch languages","service":"voice-data-platform","timestamp":"2026-04-26T14:06:54.599Z"}
{"error":"TypeError: fetch failed","level":"error","message":"Failed to fetch languages","service":"voice-data-platform","timestamp":"2026-04-26T14:06:54.645Z"}
{"error":"TypeError: fetch failed","level":"error","message":"Failed to fetch languages","service":"voice-data-platform","timestamp":"2026-04-28T11:04:17.793Z"}
{"error":"TypeError: fetch failed","level":"error","message":"Failed to fetch languages","service":"voice-data-platform","timestamp":"2026-04-28T11:04:26.328Z"}
{"error":"Cannot destructure property 'currentPassword' of 'req.body' as it is undefined.","level":"error","message":"Change password error","service":"voice-data-platform","timestamp":"2026-05-23T12:44:01.769Z"}
{"error":"Could not find a relationship between 'leaderboard' and 'users' in the schema cache","level":"error","message":"Failed to fetch leaderboard","service":"voice-data-platform","timestamp":"2026-05-23T14:44:34.560Z"}
{"error":"Could not find a relationship between 'leaderboard' and 'users' in the schema cache","level":"error","message":"Failed to fetch leaderboard","service":"voice-data-platform","timestamp":"2026-05-23T14:48:05.177Z"}
{"error":"Cannot destructure property 'recording_id' of 'req.body' as it is undefined.","level":"error","message":"Create validation error","service":"voice-data-platform","timestamp":"2026-05-23T14:58:34.527Z"}
{"error":"Cannot destructure property 'recording_id' of 'req.body' as it is undefined.","level":"error","message":"Create validation error","service":"voice-data-platform","timestamp":"2026-05-23T14:58:46.381Z"}
{"error":"Cannot destructure property 'recording_id' of 'req.body' as it is undefined.","level":"error","message":"Create validation error","service":"voice-data-platform","timestamp":"2026-05-23T14:58:52.390Z"}
{"error":"Cannot destructure property 'recording_id' of 'req.body' as it is undefined.","level":"error","message":"Create validation error","service":"voice-data-platform","timestamp":"2026-05-23T14:59:38.720Z"}
{"error":"Could not find a relationship between 'leaderboard' and 'users' in the schema cache","level":"error","message":"Failed to fetch leaderboard","service":"voice-data-platform","timestamp":"2026-05-23T15:00:02.318Z"}
{"error":"Could not find a relationship between 'leaderboard' and 'users' in the schema cache","level":"error","message":"Failed to fetch leaderboard","service":"voice-data-platform","timestamp":"2026-05-23T15:18:10.141Z"}
{"error":"Cannot destructure property 'recording_id' of 'req.body' as it is undefined.","level":"error","message":"Create validation error","service":"voice-data-platform","timestamp":"2026-05-23T15:22:32.180Z"}
{"error":"Could not find a relationship between 'leaderboard' and 'users' in the schema cache","level":"error","message":"Failed to fetch leaderboard","service":"voice-data-platform","timestamp":"2026-05-23T15:27:32.669Z"}
{"error":"relation \"public.leaderboard\" does not exist","level":"error","message":"Failed to fetch leaderboard","service":"voice-data-platform","timestamp":"2026-05-23T16:03:38.554Z"}
{"error":"Cannot destructure property 'recording_id' of 'req.body' as it is undefined.","level":"error","message":"Create validation error","service":"voice-data-platform","timestamp":"2026-05-23T16:34:11.048Z"}
{"error":"Cannot destructure property 'recording_id' of 'req.body' as it is undefined.","level":"error","message":"Create validation error","service":"voice-data-platform","timestamp":"2026-05-23T16:34:18.781Z"}
{"error":"Cannot destructure property 'recording_id' of 'req.body' as it is undefined.","level":"error","message":"Create validation error","service":"voice-data-platform","timestamp":"2026-05-23T16:34:32.233Z"}
{"error":"relation \"public.leaderboard\" does not exist","level":"error","message":"Failed to fetch leaderboard","service":"voice-data-platform","timestamp":"2026-05-23T16:45:10.175Z"}
{"error":"relation \"public.leaderboard\" does not exist","level":"error","message":"Failed to fetch leaderboard","service":"voice-data-platform","timestamp":"2026-05-23T20:14:22.617Z"}
{"error":"relation \"public.leaderboard\" does not exist","level":"error","message":"Failed to fetch leaderboard","service":"voice-data-platform","timestamp":"2026-05-23T20:18:35.552Z"}
{"error":"relation \"public.leaderboard\" does not exist","level":"error","message":"Failed to fetch leaderboard","service":"voice-data-platform","timestamp":"2026-05-23T20:18:55.704Z"}
{"error":"relation \"public.leaderboard\" does not exist","level":"error","message":"Failed to fetch leaderboard","service":"voice-data-platform","timestamp":"2026-05-23T20:24:13.585Z"}
{"level":"error","message":"Failed to create role request","service":"voice-data-platform","timestamp":"2026-05-23T20:26:55.124Z"}
{"error":"relation \"public.leaderboard\" does not exist","level":"error","message":"Failed to fetch leaderboard","service":"voice-data-platform","timestamp":"2026-05-23T20:31:56.726Z"}
{"error":"column users.id does not exist","latency":2413,"level":"error","message":"Database health check failed","service":"voice-data-platform","timestamp":"2026-06-27T06:20:26.861Z"}
{"error":"column users.id does not exist","latency":506,"level":"error","message":"Database health check failed","service":"voice-data-platform","timestamp":"2026-06-27T06:20:27.967Z"}
{"error":"column users.id does not exist","latency":526,"level":"error","message":"Database health check failed","service":"voice-data-platform","timestamp":"2026-06-27T06:20:30.995Z"}
{"error":"column users.id does not exist","latency":515,"level":"error","message":"Database health check failed","service":"voice-data-platform","timestamp":"2026-06-27T06:20:33.995Z"}
{"error":"column users.id does not exist","latency":518,"level":"error","message":"Database health check failed","service":"voice-data-platform","timestamp":"2026-06-27T06:20:36.998Z"}
{"error":"column users.id does not exist","latency":508,"level":"error","message":"Database health check failed","service":"voice-data-platform","timestamp":"2026-06-27T06:20:39.992Z"}
{"error":"column users.id does not exist","latency":524,"level":"error","message":"Database health check failed","service":"voice-data-platform","timestamp":"2026-06-27T06:20:43.022Z"}
{"error":"column users.id does not exist","latency":527,"level":"error","message":"Database health check failed","service":"voice-data-platform","timestamp":"2026-06-27T06:20:46.032Z"}
{"error":"TypeError: fetch failed","latency":506,"level":"error","message":"Database health check failed","service":"voice-data-platform","timestamp":"2026-06-27T09:15:43.937Z"}
{"error":"TypeError: fetch failed","latency":805,"level":"error","message":"Database health check failed","service":"voice-data-platform","timestamp":"2026-06-27T11:40:40.166Z"}
{"error":"TypeError: fetch failed","latency":616,"level":"error","message":"Database health check failed","service":"voice-data-platform","timestamp":"2026-06-27T11:40:41.158Z"}
{"error":"TypeError: fetch failed","latency":2070,"level":"error","message":"Database health check failed","service":"voice-data-platform","timestamp":"2026-06-27T14:46:48.358Z"}
{"error":"TypeError: fetch failed","latency":2290,"level":"error","message":"Database health check failed","service":"voice-data-platform","timestamp":"2026-06-27T14:46:48.552Z"}
{"error":"TypeError: fetch failed","latency":400,"level":"error","message":"Database health check failed","service":"voice-data-platform","timestamp":"2026-06-27T17:55:46.382Z"}
{"error":"TypeError: fetch failed","latency":316,"level":"error","message":"Database health check failed","service":"voice-data-platform","timestamp":"2026-06-27T17:55:46.424Z"}
